::1 - - [18/Jun/2024:10:26:48 -0300] "GET /logCreation.php?CID=1&CNAME=%24Big+Harbor HTTP/1.1" 200 5203
::1 - - [18/Jun/2024:10:29:32 -0300] "GET /exportData.php?CID=1&CNAME=%24Big+Harbor HTTP/1.1" 200 2564
::1 - - [18/Jun/2024:10:29:32 -0300] "GET /CSS/exportData.css HTTP/1.1" 304 -
::1 - - [18/Jun/2024:10:30:17 -0300] "GET /exportData.php?CID=1&CNAME=%24Big+Harbor HTTP/1.1" 200 2504
::1 - - [18/Jun/2024:10:54:35 -0300] "GET /exportData.php?CID=1&CNAME=%24Big+Harbor HTTP/1.1" 200 2504
::1 - - [18/Jun/2024:10:55:07 -0300] "GET /cruiseList.php HTTP/1.1" 200 3529
::1 - - [18/Jun/2024:10:55:08 -0300] "GET /logs.php?CID=1&CNAME=%24Big+Harbor HTTP/1.1" 200 4556
::1 - - [18/Jun/2024:10:56:22 -0300] "GET /exportData.php?CID=1&CNAME=%24Big+Harbor HTTP/1.1" 500 -
::1 - - [18/Jun/2024:10:56:24 -0300] "GET /exportData.php?CID=1&CNAME=%24Big+Harbor HTTP/1.1" 500 -
::1 - - [18/Jun/2024:10:56:54 -0300] "GET /exportData.php?CID=1&CNAME=%24Big+Harbor HTTP/1.1" 500 -
::1 - - [18/Jun/2024:10:57:49 -0300] "GET /exportData.php?CID=1&CNAME=%24Big+Harbor HTTP/1.1" 500 -
::1 - - [18/Jun/2024:10:57:50 -0300] "GET /exportData.php?CID=1&CNAME=%24Big+Harbor HTTP/1.1" 500 -
::1 - - [18/Jun/2024:10:58:02 -0300] "GET /exportData.php?CID=1&CNAME=%24Big+Harbor HTTP/1.1" 500 -
::1 - - [18/Jun/2024:10:58:06 -0300] "GET /exportData.php?CID=1&CNAME=%24Big+Harbor HTTP/1.1" 500 -
::1 - - [18/Jun/2024:10:58:27 -0300] "GET /exportData.php?CID=1&CNAME=%24Big+Harbor HTTP/1.1" 200 2504
::1 - - [18/Jun/2024:10:59:30 -0300] "GET /exportData.php?CID=1&CNAME=%24Big+Harbor HTTP/1.1" 500 2201
::1 - - [18/Jun/2024:10:59:32 -0300] "GET /exportData.php?CID=1&CNAME=%24Big+Harbor HTTP/1.1" 500 2201
::1 - - [18/Jun/2024:10:59:33 -0300] "GET /cruiseList.php HTTP/1.1" 200 3529
::1 - - [18/Jun/2024:10:59:34 -0300] "GET /logs.php?CID=1&CNAME=%24Big+Harbor HTTP/1.1" 200 4556
::1 - - [18/Jun/2024:10:59:35 -0300] "GET /cruiseList.php HTTP/1.1" 200 3529
::1 - - [18/Jun/2024:10:59:36 -0300] "GET /exportData.php?CID=1&CNAME=%24Big+Harbor HTTP/1.1" 500 2201
::1 - - [18/Jun/2024:10:59:58 -0300] "GET /exportData.php?CID=1&CNAME=%24Big+Harbor HTTP/1.1" 500 1882
::1 - - [18/Jun/2024:11:00:20 -0300] "GET /exportData.php?CID=1&CNAME=%24Big+Harbor HTTP/1.1" 500 2201
::1 - - [18/Jun/2024:11:02:00 -0300] "GET /exportData.php?CID=1&CNAME=%24Big+Harbor HTTP/1.1" 500 2201
::1 - - [18/Jun/2024:11:02:11 -0300] "GET /exportData.php?CID=1&CNAME=%24Big+Harbor HTTP/1.1" 500 2201
::1 - - [18/Jun/2024:11:03:29 -0300] "GET /exportData.php?CID=1&CNAME=%24Big+Harbor HTTP/1.1" 200 3995
::1 - - [18/Jun/2024:11:04:55 -0300] "GET /exportData.php?CID=1&CNAME=%24Big+Harbor HTTP/1.1" 200 2850
::1 - - [18/Jun/2024:11:05:55 -0300] "-" 408 -
::1 - - [18/Jun/2024:11:06:26 -0300] "GET /phpmyadmin/index.php?route=/sql&server=1&db=sakila&table=cruise&pos=0 HTTP/1.1" 200 4800
::1 - - [18/Jun/2024:11:06:31 -0300] "GET /phpmyadmin/js/messages.php?l=en&v=5.1.3 HTTP/1.1" 200 7921
::1 - - [18/Jun/2024:11:06:34 -0300] "POST /phpmyadmin/index.php?route=/ HTTP/1.1" 302 20
::1 - - [18/Jun/2024:11:06:34 -0300] "GET /phpmyadmin/index.php?route=/&route=%2F&db=sakila&table=cruise HTTP/1.1" 200 13686
::1 - - [18/Jun/2024:11:06:37 -0300] "GET /phpmyadmin/themes/pmahomme/css/theme.css?v=5.1.3&nocache=-1480296303ltr&server=1 HTTP/1.1" 200 216144
::1 - - [18/Jun/2024:11:06:37 -0300] "POST /phpmyadmin/index.php?route=/config/get HTTP/1.1" 200 1524
::1 - - [18/Jun/2024:11:06:37 -0300] "POST /phpmyadmin/index.php?route=/navigation&ajax_request=1 HTTP/1.1" 200 2078
::1 - - [18/Jun/2024:11:06:37 -0300] "GET /phpmyadmin/index.php?route=/recent-table&ajax_request=1&recent_table=1&no_debug=true&_nocache=1718719597553845828&token=633e35747a21442867417055793d6958 HTTP/1.1" 200 1573
::1 - - [18/Jun/2024:11:06:37 -0300] "POST /phpmyadmin/index.php?route=/config/get HTTP/1.1" 200 1612
::1 - - [18/Jun/2024:11:06:38 -0300] "POST /phpmyadmin/index.php?route=/navigation&ajax_request=1 HTTP/1.1" 200 2143
::1 - - [18/Jun/2024:11:06:38 -0300] "POST /phpmyadmin/index.php?route=/config/set HTTP/1.1" 200 1515
::1 - - [18/Jun/2024:11:06:42 -0300] "GET /phpmyadmin/index.php?route=/sql&server=1&db=sakila&table=cruise&pos=0&ajax_request=true&ajax_page_request=true&_nocache=1718719602391320172&token=633e35747a21442867417055793d6958 HTTP/1.1" 200 7046
::1 - - [18/Jun/2024:11:06:42 -0300] "GET /phpmyadmin/index.php?route=/recent-table&ajax_request=1&recent_table=1&no_debug=true&_nocache=1718719602765634436&token=633e35747a21442867417055793d6958 HTTP/1.1" 200 1573
::1 - - [18/Jun/2024:11:06:44 -0300] "GET /phpmyadmin/index.php?route=/sql&server=1&db=sakila&table=cruise_has_instruments&pos=0&ajax_request=true&ajax_page_request=true&_nocache=1718719604481811603&token=633e35747a21442867417055793d6958 HTTP/1.1" 200 9393
::1 - - [18/Jun/2024:11:06:44 -0300] "GET /phpmyadmin/index.php?route=/recent-table&ajax_request=1&recent_table=1&no_debug=true&_nocache=1718719604901888909&token=633e35747a21442867417055793d6958 HTTP/1.1" 200 1592
::1 - - [18/Jun/2024:11:08:29 -0300] "GET /exportData.php?CID=1&CNAME=%24Big+Harbor HTTP/1.1" 200 2872
::1 - - [18/Jun/2024:11:09:29 -0300] "-" 408 -
::1 - - [18/Jun/2024:11:12:10 -0300] "GET /exportData.php?CID=1&CNAME=%24Big+Harbor HTTP/1.1" 200 3057
::1 - - [18/Jun/2024:11:12:13 -0300] "GET /exportData.php?CID=1&CNAME=%24Big+Harbor HTTP/1.1" 200 3057
::1 - - [18/Jun/2024:11:12:15 -0300] "GET /exportData.php?CID=1&CNAME=%24Big+Harbor HTTP/1.1" 200 3057
::1 - - [18/Jun/2024:11:15:59 -0300] "GET /exportData.php?CID=1&CNAME=%24Big+Harbor HTTP/1.1" 200 3750
::1 - - [18/Jun/2024:11:17:39 -0300] "GET /exportData.php?CID=1&CNAME=%24Big+Harbor HTTP/1.1" 200 3785
::1 - - [18/Jun/2024:11:20:47 -0300] "GET /exportData.php?CID=1&CNAME=%24Big+Harbor HTTP/1.1" 200 2872
::1 - - [18/Jun/2024:11:21:12 -0300] "GET /exportData.php?CID=1&CNAME=%24Big+Harbor HTTP/1.1" 200 2872
::1 - - [18/Jun/2024:11:21:13 -0300] "GET /exportData.php?CID=1&CNAME=%24Big+Harbor HTTP/1.1" 200 2872
::1 - - [18/Jun/2024:11:21:40 -0300] "GET /exportData.php?CID=1&CNAME=%24Big+Harbor HTTP/1.1" 200 2872
::1 - - [18/Jun/2024:11:23:13 -0300] "GET /exportData.php?CID=1&CNAME=%24Big+Harbor HTTP/1.1" 200 2872
::1 - - [18/Jun/2024:11:23:14 -0300] "GET /exportData.php?CID=1&CNAME=%24Big+Harbor HTTP/1.1" 200 2872
::1 - - [18/Jun/2024:11:23:15 -0300] "GET /exportData.php?CID=1&CNAME=%24Big+Harbor HTTP/1.1" 200 2872
::1 - - [18/Jun/2024:11:23:25 -0300] "GET /exportData.php?CID=1&CNAME=%24Big+Harbor HTTP/1.1" 200 2872
